0 verbose cli /opt/homebrew/Cellar/node/24.3.0/bin/node /opt/homebrew/lib/node_modules/npm/bin/npm-cli.js
1 info using npm@11.4.2
2 info using node@v24.3.0
3 silly config load:file:/opt/homebrew/lib/node_modules/npm/npmrc
4 info config found workspace root at /Users/mac/Downloads/FitAir
5 silly config load:file:/Users/mac/Downloads/FitAir/.npmrc
6 silly config load:file:/Users/mac/Downloads/FitAir/backend/.home/.npmrc
7 silly config load:file:/opt/homebrew/etc/npmrc
8 verbose title npm exec prisma migrate dev --name init
9 verbose argv "exec" "--" "prisma" "migrate" "dev" "--name" "init"
10 verbose logfile logs-max:10 dir:/Users/mac/Downloads/FitAir/backend/.home/.npm/_logs/2026-05-21T14_22_55_408Z-
11 verbose logfile /Users/mac/Downloads/FitAir/backend/.home/.npm/_logs/2026-05-21T14_22_55_408Z-debug-0.log
12 silly logfile done cleaning log files
13 http fetch GET 200 https://registry.npmjs.org/npm 256ms
14 verbose cwd /Users/mac/Downloads/FitAir/backend
15 verbose os Darwin 24.3.0
16 verbose node v24.3.0
17 verbose npm  v11.4.2
18 notice
18 notice New minor version of npm available! 11.4.2 -> 11.15.0
18 notice Changelog: https://github.com/npm/cli/releases/tag/v11.15.0
18 notice To update run: npm install -g npm@11.15.0
18 notice  { force: true, Symbol(proc-log.meta): true }
19 verbose exit 1
20 verbose code 1
